Your current balance is 100
Please place a bet: Dealer shows: A♥
Your cards: 4♣, A♠ (15)

Your current balance is 0
Please place an insurance bet (0 means none): Please enter hit or stand: Your cards: 4♣, A♠, J♣ (15)
Please enter hit or stand: Your cards: 4♣, A♠, J♣, K♦ (25)
You went bust!
Dealer's Hand: A♥, A♦ (12)

Game Over!
