Your current balance is 100
Please place a bet: Dealer shows: A♠
Your cards: J♣, 4♦ (14)

Your current balance is 25
Please place an insurance bet (0 means none): Insurance Bet Successful
Your current balance is 0
Dealer's Hand: A♠, J♦ (21)
Natural Dealer Blackjack
Dealer's Hand: A♠, J♦ (21)

Your current balance is 50
Please place a bet: Dealer shows: J♥
Your cards: 9♦, 6♦ (15)
Natural Dealer Blackjack
Dealer's Hand: J♥, A♣ (21)

Game Over!
