Your current balance is 100
Please place a bet: Dealer shows: 9♣
Your cards: J♥, A♦ (21)
Natural Player Blackjack
Dealer's Hand: 9♣, 2♣ (11)

Your current balance is 250
Please place a bet: Dealer shows: 2♥
Your cards: Q♠, 4♥ (14)
Please enter hit or stand: Your cards: Q♠, 4♥, J♠ (24)
You went bust!
Dealer's Hand: 2♥, A♠ (13)

Game Over!
